[2026-05-29 10:47:57Z INFO HostContext] No proxy settings were found based on environmental variables (http_proxy/https_proxy/HTTP_PROXY/HTTPS_PROXY)
[2026-05-29 10:47:57Z INFO HostContext] Well known directory 'Bin': 'F:\GitHubActions\actions-runner\bin'
[2026-05-29 10:47:57Z INFO HostContext] Well known directory 'Root': 'F:\GitHubActions\actions-runner'
[2026-05-29 10:47:57Z INFO HostContext] Well known config file 'Credentials': 'F:\GitHubActions\actions-runner\.credentials'
[2026-05-29 10:47:57Z INFO HostContext] Well known directory 'Bin': 'F:\GitHubActions\actions-runner\bin'
[2026-05-29 10:47:57Z INFO HostContext] Well known directory 'Root': 'F:\GitHubActions\actions-runner'
[2026-05-29 10:47:57Z INFO HostContext] Well known config file 'Runner': 'F:\GitHubActions\actions-runner\.runner'
[2026-05-29 10:47:57Z INFO Listener] Runner is built for Windows (X64) - win-x64.
[2026-05-29 10:47:57Z INFO Listener] RuntimeInformation: Microsoft Windows 10.0.19045.
[2026-05-29 10:47:57Z INFO Listener] Version: 2.334.0
[2026-05-29 10:47:57Z INFO Listener] Commit: f1995ede5d885c997d13d8eca5467c4ce97fe69c
[2026-05-29 10:47:57Z INFO Listener] Culture: es-ES
[2026-05-29 10:47:57Z INFO Listener] UI Culture: es-ES
[2026-05-29 10:47:57Z INFO HostContext] Well known directory 'Bin': 'F:\GitHubActions\actions-runner\bin'
[2026-05-29 10:47:57Z INFO HostContext] Well known directory 'Root': 'F:\GitHubActions\actions-runner'
[2026-05-29 10:47:57Z INFO Listener] Validating directory permissions for: 'F:\GitHubActions\actions-runner'
[2026-05-29 10:47:57Z INFO CommandLineParser] Parse
[2026-05-29 10:47:57Z INFO CommandLineParser] Parsing 1 args
[2026-05-29 10:47:57Z INFO CommandLineParser] parsing argument
[2026-05-29 10:47:57Z INFO CommandLineParser] HasArgs: False
[2026-05-29 10:47:57Z INFO CommandLineParser] Adding Command: run
[2026-05-29 10:47:57Z INFO Listener] Arguments parsed
[2026-05-29 10:47:57Z INFO Runner] ExecuteCommand
[2026-05-29 10:47:57Z INFO ConfigurationStore] currentAssemblyLocation: F:\GitHubActions\actions-runner\bin\Runner.Listener.dll
[2026-05-29 10:47:57Z INFO HostContext] Well known directory 'Bin': 'F:\GitHubActions\actions-runner\bin'
[2026-05-29 10:47:57Z INFO ConfigurationStore] binPath: F:\GitHubActions\actions-runner\bin
[2026-05-29 10:47:57Z INFO HostContext] Well known directory 'Bin': 'F:\GitHubActions\actions-runner\bin'
[2026-05-29 10:47:57Z INFO HostContext] Well known directory 'Root': 'F:\GitHubActions\actions-runner'
[2026-05-29 10:47:57Z INFO ConfigurationStore] RootFolder: F:\GitHubActions\actions-runner
[2026-05-29 10:47:57Z INFO HostContext] Well known directory 'Bin': 'F:\GitHubActions\actions-runner\bin'
[2026-05-29 10:47:57Z INFO HostContext] Well known directory 'Root': 'F:\GitHubActions\actions-runner'
[2026-05-29 10:47:57Z INFO HostContext] Well known config file 'Runner': 'F:\GitHubActions\actions-runner\.runner'
[2026-05-29 10:47:57Z INFO ConfigurationStore] ConfigFilePath: F:\GitHubActions\actions-runner\.runner
[2026-05-29 10:47:57Z INFO HostContext] Well known directory 'Bin': 'F:\GitHubActions\actions-runner\bin'
[2026-05-29 10:47:57Z INFO HostContext] Well known directory 'Root': 'F:\GitHubActions\actions-runner'
[2026-05-29 10:47:57Z INFO HostContext] Well known config file 'MigratedRunner': 'F:\GitHubActions\actions-runner\.runner_migrated'
[2026-05-29 10:47:57Z INFO ConfigurationStore] MigratedConfigFilePath: F:\GitHubActions\actions-runner\.runner_migrated
[2026-05-29 10:47:57Z INFO HostContext] Well known directory 'Bin': 'F:\GitHubActions\actions-runner\bin'
[2026-05-29 10:47:57Z INFO HostContext] Well known directory 'Root': 'F:\GitHubActions\actions-runner'
[2026-05-29 10:47:57Z INFO HostContext] Well known config file 'Credentials': 'F:\GitHubActions\actions-runner\.credentials'
[2026-05-29 10:47:57Z INFO ConfigurationStore] CredFilePath: F:\GitHubActions\actions-runner\.credentials
[2026-05-29 10:47:57Z INFO HostContext] Well known directory 'Bin': 'F:\GitHubActions\actions-runner\bin'
[2026-05-29 10:47:57Z INFO HostContext] Well known directory 'Root': 'F:\GitHubActions\actions-runner'
[2026-05-29 10:47:57Z INFO HostContext] Well known config file 'MigratedCredentials': 'F:\GitHubActions\actions-runner\.credentials_migrated'
[2026-05-29 10:47:57Z INFO ConfigurationStore] MigratedCredFilePath: F:\GitHubActions\actions-runner\.credentials_migrated
[2026-05-29 10:47:57Z INFO HostContext] Well known directory 'Bin': 'F:\GitHubActions\actions-runner\bin'
[2026-05-29 10:47:57Z INFO HostContext] Well known directory 'Root': 'F:\GitHubActions\actions-runner'
[2026-05-29 10:47:57Z INFO HostContext] Well known config file 'Service': 'F:\GitHubActions\actions-runner\.service'
[2026-05-29 10:47:57Z INFO ConfigurationStore] ServiceConfigFilePath: F:\GitHubActions\actions-runner\.service
[2026-05-29 10:47:57Z INFO CommandSettings] Flag 'help': 'False'
[2026-05-29 10:47:57Z INFO CommandSettings] Flag 'version': 'False'
[2026-05-29 10:47:57Z INFO CommandSettings] Flag 'commit': 'False'
[2026-05-29 10:47:57Z INFO CommandSettings] Flag 'check': 'False'
[2026-05-29 10:47:57Z INFO CommandSettings] Command 'configure': 'False'
[2026-05-29 10:47:57Z INFO CommandSettings] Command 'remove': 'False'
[2026-05-29 10:47:57Z INFO CommandSettings] Command 'warmup': 'False'
[2026-05-29 10:47:57Z INFO ConfigurationManager] LoadSettings
[2026-05-29 10:47:57Z INFO ConfigurationStore] IsConfigured()
[2026-05-29 10:47:57Z INFO ConfigurationStore] IsConfigured: False
[2026-05-29 10:47:57Z INFO ConfigurationManager] Is configured: False
[2026-05-29 10:47:57Z ERR  Terminal] WRITE ERROR: An error occurred: Not configured. Run config.(sh/cmd) to configure the runner.
[2026-05-29 10:47:57Z ERR  Listener] GitHub.Runner.Common.NonRetryableException: Not configured. Run config.(sh/cmd) to configure the runner.
   at GitHub.Runner.Listener.Configuration.ConfigurationManager.LoadSettings()
   at GitHub.Runner.Listener.Runner.ExecuteCommand(CommandSettings command)
   at GitHub.Runner.Listener.Program.MainAsync(IHostContext context, String[] args)
